// Jest Snapshot v1, https://goo.gl/fbAQLP

exports[`<Stack /> when children valid should render 1`] = `
<div
  class="sc-bcXHqe eVfqAP stack test"
  data-testid="stack-component"
  direction="row"
  spacing="8px"
>
  <div
    data-testid="stack-child-comp"
    id="add"
  >
    child1
  </div>
  <div
    data-testid="stack-child-comp"
  >
    child2
  </div>
</div>
`;
