// Jest Snapshot v1, https://goo.gl/fbAQLP

exports[`<ZStack  /> should render 1`] = `
<div
  class="sc-gswNZR grmAwb zstack test"
  data-testid="zstack-comp"
>
  <div
    class="sc-bcXHqe ga-dMOh"
    data-testid="zstack-child-comp"
    height="100"
    style="z-index: 0;"
    width="100"
  >
    box0
  </div>
  <div
    class="sc-bcXHqe VNdXa"
    data-testid="zstack-child-comp"
    height="100"
    style="z-index: 1;"
    width="100"
  >
    box1
  </div>
  <div
    class="sc-bcXHqe fjWdZK"
    data-testid="zstack-child-comp"
    height="100"
    style="z-index: 2;"
    width="100"
  >
    box2
  </div>
  <div
    class="sc-bcXHqe BTrBJ"
    data-testid="zstack-child-comp"
    height="100"
    style="z-index: 3;"
    width="100"
  >
    box3
  </div>
  <div
    class="sc-bcXHqe btohpo"
    data-testid="zstack-child-comp"
    height="100"
    style="z-index: 4;"
    width="100"
  >
    box4
  </div>
  <div
    class="sc-bcXHqe ducREs"
    data-testid="zstack-child-comp"
    height="100"
    style="z-index: 5;"
    width="100"
  >
    box5
  </div>
</div>
`;
