// Jest Snapshot v1, https://goo.gl/fbAQLP

exports[`<HStack /> should render 1`] = `
<div
  class="sc-bcXHqe eVfqAP stack hstack test"
  data-testid="stack-component"
  direction="row"
  spacing="8px"
>
  <h2
    data-testid="stack-child-comp"
    id="test"
  >
    hello
  </h2>
  <h1
    data-testid="stack-child-comp"
  >
    hi
  </h1>
  <div
    data-testid="stack-child-comp"
  >
    7
  </div>
  <div
    data-testid="stack-child-comp"
  >
    elenapark
  </div>
</div>
`;
